******************************************************************************
                  TI ARM Linker PC v20.2.7                     
******************************************************************************
>> Linked Thu Jun 13 18:08:48 2024

OUTPUT FILE NAME:   <myproject.out>
ENTRY POINT SYMBOL: "_c_int00_noargs"  address: 00001899


MEMORY CONFIGURATION

         name            origin    length      used     unused   attr    fill
----------------------  --------  ---------  --------  --------  ----  --------
  MAIN                  00000000   00040000  0000196c  0003e694  R  X
  INFO                  00200000   00004000  00000000  00004000  R  X
  SRAM_CODE             01000000   00010000  0000052e  0000fad2  RW X
  SRAM_DATA             20000000   00010000  0000052e  0000fad2  RW  


SEGMENT ALLOCATION MAP

run origin  load origin   length   init length attrs members
----------  ----------- ---------- ----------- ----- -------
00000000    00000000    00001970   00001970    r-x
  00000000    00000000    000000e4   000000e4    r-- .intvecs
  000000e4    000000e4    00001828   00001828    r-x .text
  0000190c    0000190c    00000028   00000028    r-- .const
  00001938    00001938    00000038   00000038    r-- .cinit
20000000    20000000    00000330   00000000    rw-
  20000000    20000000    0000030a   00000000    rw- .bss
  2000030c    2000030c    00000024   00000000    rw- .data
2000fe00    2000fe00    00000200   00000000    rw-
  2000fe00    2000fe00    00000200   00000000    rw- .stack


SECTION ALLOCATION MAP

 output                                  attributes/
section   page    origin      length       input sections
--------  ----  ----------  ----------   ----------------
.intvecs   0    00000000    000000e4     
                  00000000    000000e4     startup_msp432p401r_ccs.obj (.intvecs:retain)

.text      0    000000e4    00001828     
                  000000e4    00001158     main.obj (.text)
                  0000123c    00000334     system_msp432p401r.obj (.text)
                  00001570    000001e0     Clock.obj (.text)
                  00001750    0000009c     rtsv7M4_T_le_v4SPD16_eabi.lib : memcpy_t2.asm.obj (.text)
                  000017ec    00000068                                   : copy_decompress_lzss.c.obj (.text:decompress:lzss:__TI_decompress_lzss)
                  00001854    00000044                                   : autoinit.c.obj (.text:__TI_auto_init_nobinit_nopinit:__TI_auto_init_nobinit_nopinit)
                  00001898    00000034                                   : boot_cortex_m.c.obj (.text:_c_int00_noargs:_c_int00_noargs)
                  000018cc    0000001c                                   : copy_zero_init.c.obj (.text:decompress:ZI:__TI_zero_init_nomemset:__TI_zero_init_nomemset)
                  000018e8    0000000e                                   : copy_decompress_none.c.obj (.text:decompress:none:__TI_decompress_none)
                  000018f6    0000000e     startup_msp432p401r_ccs.obj (.text)
                  00001904    00000004     rtsv7M4_T_le_v4SPD16_eabi.lib : pre_init.c.obj (.text:_system_pre_init)
                  00001908    00000004                                   : exit.c.obj (.text:abort:abort)

.const     0    0000190c    00000028     
                  0000190c    00000020     main.obj (.const:$P$T0$1)
                  0000192c    00000008     main.obj (.const:.string:$P$T1$2)

.cinit     0    00001938    00000038     
                  00001938    0000000d     (.cinit..data.load) [load image, compression = lzss]
                  00001945    00000003     --HOLE-- [fill = 0]
                  00001948    0000000c     (__TI_handler_table)
                  00001954    00000004     --HOLE-- [fill = 0]
                  00001958    00000008     (.cinit..bss.load) [load image, compression = zero_init]
                  00001960    00000010     (__TI_cinit_table)

.init_array 
*          0    00000000    00000000     UNINITIALIZED

.binit     0    00000000    00000000     

.bss       0    20000000    0000030a     UNINITIALIZED
                  20000000    00000100     (.common:hard_map)
                  20000100    00000100     (.common:map)
                  20000200    00000100     (.common:mask)
                  20000300    00000004     (.common:Position)
                  20000304    00000004     (.common:TimerA2Task)
                  20000308    00000001     (.common:Data)
                  20000309    00000001     (.common:cur_dir)

.data      0    2000030c    00000024     UNINITIALIZED
                  2000030c    00000018     Clock.obj (.data)
                  20000324    00000008     main.obj (.data)
                  2000032c    00000004     system_msp432p401r.obj (.data)

.stack     0    2000fe00    00000200     UNINITIALIZED
                  2000fe00    00000004     rtsv7M4_T_le_v4SPD16_eabi.lib : boot_cortex_m.c.obj (.stack)
                  2000fe04    000001fc     --HOLE--

__llvm_prf_cnts 
*          0    20000000    00000000     UNINITIALIZED

MODULE SUMMARY

       Module                        code   ro data   rw data
       ------                        ----   -------   -------
    .\
       main.obj                      4440   40        1572   
       system_msp432p401r.obj        820    0         8      
       Clock.obj                     480    0         48     
       startup_msp432p401r_ccs.obj   14     228       0      
    +--+-----------------------------+------+---------+---------+
       Total:                        5754   268       1628   
                                                             
    C:\ti\ccs1271\ccs\tools\compiler\ti-cgt-arm_20.2.7.LTS\lib\rtsv7M4_T_le_v4SPD16_eabi.lib
       memcpy_t2.asm.obj             156    0         0      
       copy_decompress_lzss.c.obj    104    0         0      
       autoinit.c.obj                68     0         0      
       boot_cortex_m.c.obj           52     0         0      
       copy_zero_init.c.obj          28     0         0      
       copy_decompress_none.c.obj    14     0         0      
       exit.c.obj                    4      0         0      
       pre_init.c.obj                4      0         0      
    +--+-----------------------------+------+---------+---------+
       Total:                        430    0         0      
                                                             
       Stack:                        0      0         1024   
       Linker Generated:             0      49        0      
    +--+-----------------------------+------+---------+---------+
       Grand Total:                  6184   317       2652   


LINKER GENERATED COPY TABLES

__TI_cinit_table @ 00001960 records: 2, size/record: 8, table size: 16
	.data: load addr=00001938, load size=0000000d bytes, run addr=2000030c, run size=00000024 bytes, compression=lzss
	.bss: load addr=00001958, load size=00000008 bytes, run addr=20000000, run size=0000030a bytes, compression=zero_init


LINKER GENERATED HANDLER TABLE

__TI_handler_table @ 00001948 records: 3, size/record: 4, table size: 12
	index: 0, handler: __TI_decompress_lzss
	index: 1, handler: __TI_decompress_none
	index: 2, handler: __TI_zero_init


GLOBAL SYMBOLS: SORTED ALPHABETICALLY BY Name 

address   name                          
-------   ----                          
00001903  ADC14_IRQHandler              
00001903  AES256_IRQHandler             
00001903  BusFault_Handler              
00001909  C$$EXIT                       
00001903  COMP_E0_IRQHandler            
00001903  COMP_E1_IRQHandler            
20000314  CPMwait                       
00001903  CS_IRQHandler                 
000010a5  Checksum                      
2000030c  ClockFrequency                
000016c5  Clock_Delay1ms                
0000169b  Clock_Delay1us                
00001687  Clock_GetFreq                 
00001571  Clock_Init48MHz               
20000320  Crystalstable                 
00001903  DMA_ERR_IRQHandler            
00001903  DMA_INT0_IRQHandler           
00001903  DMA_INT1_IRQHandler           
00001903  DMA_INT2_IRQHandler           
00001903  DMA_INT3_IRQHandler           
20000308  Data                          
00001903  DebugMon_Handler              
00001903  Default_Handler               
00001903  EUSCIA0_IRQHandler            
00001903  EUSCIA1_IRQHandler            
00001903  EUSCIA2_IRQHandler            
00001903  EUSCIA3_IRQHandler            
00001903  EUSCIB0_IRQHandler            
00001903  EUSCIB1_IRQHandler            
00001903  EUSCIB2_IRQHandler            
00001903  EUSCIB3_IRQHandler            
00001903  FLCTL_IRQHandler              
00001903  FPU_IRQHandler                
00001903  HardFault_Handler             
2000031c  IFlags                        
00000313  IRSensor_position             
000002ab  IRSensor_read                 
0000020f  IR_Init                       
00000295  IR_Off                        
0000027f  IR_On                         
00000631  Left45                        
00001903  MemManage_Handler             
00000397  Motor_Init                    
0000042b  Motor_Off                     
0000041f  Motor_On                      
000005d1  Motor_backward                
00000601  Motor_center                  
000004d5  Motor_forward                 
00000b95  Motor_idle                    
00000571  Motor_left                    
00000529  Motor_right                   
00000497  Motor_stop                    
00000471  Move                          
00001903  NMI_Handler                   
00001903  PCM_IRQHandler                
00000139  PMW_init34                    
00001903  PORT1_IRQHandler              
00001903  PORT2_IRQHandler              
00001903  PORT3_IRQHandler              
00001903  PORT4_IRQHandler              
00001903  PORT5_IRQHandler              
00001903  PORT6_IRQHandler              
00001903  PSS_IRQHandler                
00000437  PWM_Duty3                     
0000044b  PWM_Duty4                     
00001903  PendSV_Handler                
00000f99  Phase_1                       
20000300  Position                      
20000318  Postwait                      
20000310  Prewait                       
00001903  RTC_C_IRQHandler              
000018f7  Reset_Handler                 
0000067d  Right45                       
00001903  SVC_Handler                   
00000f39  Scan45                        
00001903  SysTick_Handler               
2000032c  SystemCoreClock               
0000123d  SystemCoreClockUpdate         
000014b5  SystemInit                    
00001903  T32_INT1_IRQHandler           
00001903  T32_INT2_IRQHandler           
00001903  T32_INTC_IRQHandler           
00001903  TA0_0_IRQHandler              
00001903  TA0_N_IRQHandler              
00001903  TA1_0_IRQHandler              
00001903  TA1_N_IRQHandler              
000001fb  TA2_0_IRQHandler              
000001fb  TA2_0_IRQHandler              
00001903  TA2_N_IRQHandler              
00001903  TA3_0_IRQHandler              
00001903  TA3_N_IRQHandler              
20000304  TimerA2Task                   
000001a7  TimerA2_Init                  
00001903  UsageFault_Handler            
4000480c  WDTCTL_SYM                    
00001903  WDT_A_IRQHandler              
20010000  __STACK_END                   
00000200  __STACK_SIZE                  
00001960  __TI_CINIT_Base               
00001970  __TI_CINIT_Limit              
00001948  __TI_Handler_Table_Base       
00001954  __TI_Handler_Table_Limit      
00001855  __TI_auto_init_nobinit_nopinit
000017ed  __TI_decompress_lzss          
000018e9  __TI_decompress_none          
ffffffff  __TI_pprof_out_hndl           
ffffffff  __TI_prof_data_size           
ffffffff  __TI_prof_data_start          
00000000  __TI_static_base__            
000018cd  __TI_zero_init_nomemset       
00001751  __aeabi_memcpy                
00001751  __aeabi_memcpy4               
00001751  __aeabi_memcpy8               
ffffffff  __binit__                     
ffffffff  __c_args__                    
UNDEFED   __mpu_init                    
2000fe00  __stack                       
20000000  __start___llvm_prf_cnts       
20000000  __stop___llvm_prf_cnts        
00001899  _c_int00_noargs               
UNDEFED   _system_post_cinit            
00001905  _system_pre_init              
00001909  abort                         
00000ab9  alignment                     
ffffffff  binit                         
20000309  cur_dir                       
20000328  cur_node                      
0000168d  delay                         
00000ea1  dfs                           
000009a5  event_center                  
000009e1  event_finish                  
00000989  event_ignore                  
000008cd  event_node                    
00000957  event_stop                    
00000da9  go                            
00000745  hard_init                     
00000807  hard_init_compare             
20000000  hard_map                      
000006d1  init                          
00000000  interruptVectors              
00000f5d  isThere                       
000009fd  is_adjacent                   
000000e5  led_init                      
00001101  main                          
20000100  map                           
20000200  mask                          
00001751  memcpy                        
20000324  phase                         
0000012d  turn_off_led                  
0000010f  turn_on_led                   


GLOBAL SYMBOLS: SORTED BY Symbol Address 

address   name                          
-------   ----                          
00000000  __TI_static_base__            
00000000  interruptVectors              
000000e5  led_init                      
0000010f  turn_on_led                   
0000012d  turn_off_led                  
00000139  PMW_init34                    
000001a7  TimerA2_Init                  
000001fb  TA2_0_IRQHandler              
000001fb  TA2_0_IRQHandler              
00000200  __STACK_SIZE                  
0000020f  IR_Init                       
0000027f  IR_On                         
00000295  IR_Off                        
000002ab  IRSensor_read                 
00000313  IRSensor_position             
00000397  Motor_Init                    
0000041f  Motor_On                      
0000042b  Motor_Off                     
00000437  PWM_Duty3                     
0000044b  PWM_Duty4                     
00000471  Move                          
00000497  Motor_stop                    
000004d5  Motor_forward                 
00000529  Motor_right                   
00000571  Motor_left                    
000005d1  Motor_backward                
00000601  Motor_center                  
00000631  Left45                        
0000067d  Right45                       
000006d1  init                          
00000745  hard_init                     
00000807  hard_init_compare             
000008cd  event_node                    
00000957  event_stop                    
00000989  event_ignore                  
000009a5  event_center                  
000009e1  event_finish                  
000009fd  is_adjacent                   
00000ab9  alignment                     
00000b95  Motor_idle                    
00000da9  go                            
00000ea1  dfs                           
00000f39  Scan45                        
00000f5d  isThere                       
00000f99  Phase_1                       
000010a5  Checksum                      
00001101  main                          
0000123d  SystemCoreClockUpdate         
000014b5  SystemInit                    
00001571  Clock_Init48MHz               
00001687  Clock_GetFreq                 
0000168d  delay                         
0000169b  Clock_Delay1us                
000016c5  Clock_Delay1ms                
00001751  __aeabi_memcpy                
00001751  __aeabi_memcpy4               
00001751  __aeabi_memcpy8               
00001751  memcpy                        
000017ed  __TI_decompress_lzss          
00001855  __TI_auto_init_nobinit_nopinit
00001899  _c_int00_noargs               
000018cd  __TI_zero_init_nomemset       
000018e9  __TI_decompress_none          
000018f7  Reset_Handler                 
00001903  ADC14_IRQHandler              
00001903  AES256_IRQHandler             
00001903  BusFault_Handler              
00001903  COMP_E0_IRQHandler            
00001903  COMP_E1_IRQHandler            
00001903  CS_IRQHandler                 
00001903  DMA_ERR_IRQHandler            
00001903  DMA_INT0_IRQHandler           
00001903  DMA_INT1_IRQHandler           
00001903  DMA_INT2_IRQHandler           
00001903  DMA_INT3_IRQHandler           
00001903  DebugMon_Handler              
00001903  Default_Handler               
00001903  EUSCIA0_IRQHandler            
00001903  EUSCIA1_IRQHandler            
00001903  EUSCIA2_IRQHandler            
00001903  EUSCIA3_IRQHandler            
00001903  EUSCIB0_IRQHandler            
00001903  EUSCIB1_IRQHandler            
00001903  EUSCIB2_IRQHandler            
00001903  EUSCIB3_IRQHandler            
00001903  FLCTL_IRQHandler              
00001903  FPU_IRQHandler                
00001903  HardFault_Handler             
00001903  MemManage_Handler             
00001903  NMI_Handler                   
00001903  PCM_IRQHandler                
00001903  PORT1_IRQHandler              
00001903  PORT2_IRQHandler              
00001903  PORT3_IRQHandler              
00001903  PORT4_IRQHandler              
00001903  PORT5_IRQHandler              
00001903  PORT6_IRQHandler              
00001903  PSS_IRQHandler                
00001903  PendSV_Handler                
00001903  RTC_C_IRQHandler              
00001903  SVC_Handler                   
00001903  SysTick_Handler               
00001903  T32_INT1_IRQHandler           
00001903  T32_INT2_IRQHandler           
00001903  T32_INTC_IRQHandler           
00001903  TA0_0_IRQHandler              
00001903  TA0_N_IRQHandler              
00001903  TA1_0_IRQHandler              
00001903  TA1_N_IRQHandler              
00001903  TA2_N_IRQHandler              
00001903  TA3_0_IRQHandler              
00001903  TA3_N_IRQHandler              
00001903  UsageFault_Handler            
00001903  WDT_A_IRQHandler              
00001905  _system_pre_init              
00001909  C$$EXIT                       
00001909  abort                         
00001948  __TI_Handler_Table_Base       
00001954  __TI_Handler_Table_Limit      
00001960  __TI_CINIT_Base               
00001970  __TI_CINIT_Limit              
20000000  __start___llvm_prf_cnts       
20000000  __stop___llvm_prf_cnts        
20000000  hard_map                      
20000100  map                           
20000200  mask                          
20000300  Position                      
20000304  TimerA2Task                   
20000308  Data                          
20000309  cur_dir                       
2000030c  ClockFrequency                
20000310  Prewait                       
20000314  CPMwait                       
20000318  Postwait                      
2000031c  IFlags                        
20000320  Crystalstable                 
20000324  phase                         
20000328  cur_node                      
2000032c  SystemCoreClock               
2000fe00  __stack                       
20010000  __STACK_END                   
4000480c  WDTCTL_SYM                    
ffffffff  __TI_pprof_out_hndl           
ffffffff  __TI_prof_data_size           
ffffffff  __TI_prof_data_start          
ffffffff  __binit__                     
ffffffff  __c_args__                    
ffffffff  binit                         
UNDEFED   __mpu_init                    
UNDEFED   _system_post_cinit            

[150 symbols]
